2025-10-29 12:39:43,018 - 
TIMESTEP 1
****************************************
2025-10-29 12:39:43,033 - Running matching with heuristic: greedy
2025-10-29 12:39:43,035 - Donor D0 (City: Stockholm, Country: Sweden, Blood: O), Rhesus: NEG, Entered timestep: 1 
matched with Recipient R3 (City: Copenhagen, Country: Denmark,  Blood: O), Rhesus: POS, Entered timestep: 0
2025-10-29 12:39:43,036 - Donor D0 (City: Stockholm, Country: Sweden, Blood: O), Rhesus: NEG, Entered timestep: 1 
matched with Recipient R5 (City: Helsinki, Country: Finland,  Blood: A), Rhesus: POS, Entered timestep: 0
2025-10-29 12:39:43,049 - Donor D3 (City: Helsinki, Country: Finland, Blood: O), Rhesus: POS, Entered timestep: 1 
matched with Recipient R2 (City: Helsinki, Country: Finland,  Blood: O), Rhesus: NEG, Entered timestep: 0
2025-10-29 12:39:43,049 - Donor D3 (City: Helsinki, Country: Finland, Blood: O), Rhesus: POS, Entered timestep: 1 
matched with Recipient R37 (City: Reykjavik, Country: Iceland,  Blood: A), Rhesus: POS, Entered timestep: 0
2025-10-29 12:39:43,056 - 
TIMESTEP 2
****************************************
2025-10-29 12:39:43,074 - Donor D8 (City: Gothenburg, Country: Sweden, Blood: B), Rhesus: POS, Entered timestep: 2 
matched with Recipient R16 (City: Copenhagen, Country: Denmark,  Blood: O), Rhesus: POS, Entered timestep: 0
2025-10-29 12:39:43,075 - Donor D8 (City: Gothenburg, Country: Sweden, Blood: B), Rhesus: POS, Entered timestep: 2 
matched with Recipient R13 (City: Reykjavik, Country: Iceland,  Blood: A), Rhesus: NEG, Entered timestep: 0
2025-10-29 12:39:43,099 - Donor D1 (City: Helsinki, Country: Finland, Blood: O), Rhesus: POS, Entered timestep: 2 
matched with Recipient R33 (City: Oslo, Country: Norway,  Blood: A), Rhesus: POS, Entered timestep: 0
2025-10-29 12:39:43,101 - Donor D1 (City: Helsinki, Country: Finland, Blood: O), Rhesus: POS, Entered timestep: 2 
matched with Recipient R1 (City: Oslo, Country: Norway,  Blood: O), Rhesus: POS, Entered timestep: 0
2025-10-29 12:39:43,105 - 
TIMESTEP 3
****************************************
2025-10-29 12:39:43,120 - Donor D5 (City: Gothenburg, Country: Sweden, Blood: O), Rhesus: POS, Entered timestep: 3 
matched with Recipient R22 (City: Copenhagen, Country: Denmark,  Blood: O), Rhesus: POS, Entered timestep: 0
2025-10-29 12:39:43,121 - Donor D5 (City: Gothenburg, Country: Sweden, Blood: O), Rhesus: POS, Entered timestep: 3 
matched with Recipient R34 (City: Uppsala, Country: Sweden,  Blood: A), Rhesus: POS, Entered timestep: 0
2025-10-29 12:39:43,127 - Donor D2 (City: Tartu, Country: Estonia, Blood: O), Rhesus: NEG, Entered timestep: 3 
matched with Recipient R35 (City: Stockholm, Country: Sweden,  Blood: A), Rhesus: POS, Entered timestep: 0
2025-10-29 12:39:43,127 - Donor D2 (City: Tartu, Country: Estonia, Blood: O), Rhesus: NEG, Entered timestep: 3 
matched with Recipient R32 (City: Stockholm, Country: Sweden,  Blood: O), Rhesus: POS, Entered timestep: 0
2025-10-29 12:39:43,127 - 
TIMESTEP 4
****************************************
2025-10-29 12:39:43,138 - 
TIMESTEP 5
****************************************
2025-10-29 12:39:43,145 - 
TIMESTEP 6
****************************************
2025-10-29 12:39:43,163 - Donor D7 (City: Oslo, Country: Norway, Blood: A), Rhesus: POS, Entered timestep: 6 
matched with Recipient R24 (City: Copenhagen, Country: Denmark,  Blood: O), Rhesus: NEG, Entered timestep: 0
2025-10-29 12:39:43,163 - Donor D7 (City: Oslo, Country: Norway, Blood: A), Rhesus: POS, Entered timestep: 6 
matched with Recipient R20 (City: Helsinki, Country: Finland,  Blood: O), Rhesus: POS, Entered timestep: 0
2025-10-29 12:39:43,169 - 
TIMESTEP 7
****************************************
2025-10-29 12:39:43,185 - Donor D4 (City: Helsinki, Country: Finland, Blood: A), Rhesus: POS, Entered timestep: 7 
matched with Recipient R38 (City: Copenhagen, Country: Denmark,  Blood: A), Rhesus: NEG, Entered timestep: 0
2025-10-29 12:39:43,185 - Donor D4 (City: Helsinki, Country: Finland, Blood: A), Rhesus: POS, Entered timestep: 7 
matched with Recipient R17 (City: Stockholm, Country: Sweden,  Blood: B), Rhesus: NEG, Entered timestep: 0
2025-10-29 12:39:43,192 - Donor D9 (City: Helsinki, Country: Finland, Blood: A), Rhesus: POS, Entered timestep: 7 
matched with Recipient R9 (City: Stockholm, Country: Sweden,  Blood: O), Rhesus: POS, Entered timestep: 0
2025-10-29 12:39:43,192 - Donor D9 (City: Helsinki, Country: Finland, Blood: A), Rhesus: POS, Entered timestep: 7 
matched with Recipient R8 (City: Stockholm, Country: Sweden,  Blood: A), Rhesus: POS, Entered timestep: 0
2025-10-29 12:39:43,199 - 
TIMESTEP 8
****************************************
2025-10-29 12:39:43,205 - 
TIMESTEP 9
****************************************
2025-10-29 12:39:43,214 - Donor D6 (City: Helsinki, Country: Finland, Blood: B), Rhesus: POS, Entered timestep: 9 
matched with Recipient R29 (City: Skane, Country: Sweden,  Blood: AB), Rhesus: POS, Entered timestep: 0
2025-10-29 12:39:43,214 - Donor D6 (City: Helsinki, Country: Finland, Blood: B), Rhesus: POS, Entered timestep: 9 
matched with Recipient R21 (City: Helsinki, Country: Finland,  Blood: AB), Rhesus: NEG, Entered timestep: 0
2025-10-29 12:39:43,218 - 
TIMESTEP 10
****************************************
