2025-10-29 12:39:26,030 - 
TIMESTEP 1
****************************************
2025-10-29 12:39:26,040 - Running matching with heuristic: greedy
2025-10-29 12:39:26,041 - 
TIMESTEP 1
****************************************
Donor D0 (City: Stockholm, Country: Sweden, Blood: O), Rhesus: NEG, Entered timestep: 1 
matched with Recipient R3 (City: Copenhagen, Country: Denmark,  Blood: O), Rhesus: POS, Entered timestep: 0
2025-10-29 12:39:26,043 - 
TIMESTEP 1
****************************************
Donor D0 (City: Stockholm, Country: Sweden, Blood: O), Rhesus: NEG, Entered timestep: 1 
matched with Recipient R5 (City: Helsinki, Country: Finland,  Blood: A), Rhesus: POS, Entered timestep: 0
2025-10-29 12:39:26,052 - 
TIMESTEP 1
****************************************
Donor D3 (City: Helsinki, Country: Finland, Blood: O), Rhesus: POS, Entered timestep: 1 
matched with Recipient R2 (City: Helsinki, Country: Finland,  Blood: O), Rhesus: NEG, Entered timestep: 0
2025-10-29 12:39:26,052 - 
TIMESTEP 1
****************************************
Donor D3 (City: Helsinki, Country: Finland, Blood: O), Rhesus: POS, Entered timestep: 1 
matched with Recipient R37 (City: Reykjavik, Country: Iceland,  Blood: A), Rhesus: POS, Entered timestep: 0
2025-10-29 12:39:26,056 - 
TIMESTEP 2
****************************************
2025-10-29 12:39:26,069 - 
TIMESTEP 2
****************************************
Donor D8 (City: Gothenburg, Country: Sweden, Blood: B), Rhesus: POS, Entered timestep: 2 
matched with Recipient R16 (City: Copenhagen, Country: Denmark,  Blood: O), Rhesus: POS, Entered timestep: 0
2025-10-29 12:39:26,069 - 
TIMESTEP 2
****************************************
Donor D8 (City: Gothenburg, Country: Sweden, Blood: B), Rhesus: POS, Entered timestep: 2 
matched with Recipient R13 (City: Reykjavik, Country: Iceland,  Blood: A), Rhesus: NEG, Entered timestep: 0
2025-10-29 12:39:26,091 - 
TIMESTEP 2
****************************************
Donor D1 (City: Helsinki, Country: Finland, Blood: O), Rhesus: POS, Entered timestep: 2 
matched with Recipient R33 (City: Oslo, Country: Norway,  Blood: A), Rhesus: POS, Entered timestep: 0
2025-10-29 12:39:26,091 - 
TIMESTEP 2
****************************************
Donor D1 (City: Helsinki, Country: Finland, Blood: O), Rhesus: POS, Entered timestep: 2 
matched with Recipient R1 (City: Oslo, Country: Norway,  Blood: O), Rhesus: POS, Entered timestep: 0
2025-10-29 12:39:26,095 - 
TIMESTEP 3
****************************************
2025-10-29 12:39:26,108 - 
TIMESTEP 3
****************************************
Donor D5 (City: Gothenburg, Country: Sweden, Blood: O), Rhesus: POS, Entered timestep: 3 
matched with Recipient R22 (City: Copenhagen, Country: Denmark,  Blood: O), Rhesus: POS, Entered timestep: 0
2025-10-29 12:39:26,108 - 
TIMESTEP 3
****************************************
Donor D5 (City: Gothenburg, Country: Sweden, Blood: O), Rhesus: POS, Entered timestep: 3 
matched with Recipient R34 (City: Uppsala, Country: Sweden,  Blood: A), Rhesus: POS, Entered timestep: 0
2025-10-29 12:39:26,114 - 
TIMESTEP 3
****************************************
Donor D2 (City: Tartu, Country: Estonia, Blood: O), Rhesus: NEG, Entered timestep: 3 
matched with Recipient R35 (City: Stockholm, Country: Sweden,  Blood: A), Rhesus: POS, Entered timestep: 0
2025-10-29 12:39:26,114 - 
TIMESTEP 3
****************************************
Donor D2 (City: Tartu, Country: Estonia, Blood: O), Rhesus: NEG, Entered timestep: 3 
matched with Recipient R32 (City: Stockholm, Country: Sweden,  Blood: O), Rhesus: POS, Entered timestep: 0
2025-10-29 12:39:26,118 - 
TIMESTEP 4
****************************************
2025-10-29 12:39:26,125 - 
TIMESTEP 5
****************************************
2025-10-29 12:39:26,130 - 
TIMESTEP 6
****************************************
2025-10-29 12:39:26,144 - 
TIMESTEP 6
****************************************
Donor D7 (City: Oslo, Country: Norway, Blood: A), Rhesus: POS, Entered timestep: 6 
matched with Recipient R24 (City: Copenhagen, Country: Denmark,  Blood: O), Rhesus: NEG, Entered timestep: 0
2025-10-29 12:39:26,145 - 
TIMESTEP 6
****************************************
Donor D7 (City: Oslo, Country: Norway, Blood: A), Rhesus: POS, Entered timestep: 6 
matched with Recipient R20 (City: Helsinki, Country: Finland,  Blood: O), Rhesus: POS, Entered timestep: 0
2025-10-29 12:39:26,149 - 
TIMESTEP 7
****************************************
2025-10-29 12:39:26,159 - 
TIMESTEP 7
****************************************
Donor D4 (City: Helsinki, Country: Finland, Blood: A), Rhesus: POS, Entered timestep: 7 
matched with Recipient R38 (City: Copenhagen, Country: Denmark,  Blood: A), Rhesus: NEG, Entered timestep: 0
2025-10-29 12:39:26,159 - 
TIMESTEP 7
****************************************
Donor D4 (City: Helsinki, Country: Finland, Blood: A), Rhesus: POS, Entered timestep: 7 
matched with Recipient R17 (City: Stockholm, Country: Sweden,  Blood: B), Rhesus: NEG, Entered timestep: 0
2025-10-29 12:39:26,165 - 
TIMESTEP 7
****************************************
Donor D9 (City: Helsinki, Country: Finland, Blood: A), Rhesus: POS, Entered timestep: 7 
matched with Recipient R9 (City: Stockholm, Country: Sweden,  Blood: O), Rhesus: POS, Entered timestep: 0
2025-10-29 12:39:26,165 - 
TIMESTEP 7
****************************************
Donor D9 (City: Helsinki, Country: Finland, Blood: A), Rhesus: POS, Entered timestep: 7 
matched with Recipient R8 (City: Stockholm, Country: Sweden,  Blood: A), Rhesus: POS, Entered timestep: 0
2025-10-29 12:39:26,168 - 
TIMESTEP 8
****************************************
2025-10-29 12:39:26,172 - 
TIMESTEP 9
****************************************
2025-10-29 12:39:26,182 - 
TIMESTEP 9
****************************************
Donor D6 (City: Helsinki, Country: Finland, Blood: B), Rhesus: POS, Entered timestep: 9 
matched with Recipient R29 (City: Skane, Country: Sweden,  Blood: AB), Rhesus: POS, Entered timestep: 0
2025-10-29 12:39:26,182 - 
TIMESTEP 9
****************************************
Donor D6 (City: Helsinki, Country: Finland, Blood: B), Rhesus: POS, Entered timestep: 9 
matched with Recipient R21 (City: Helsinki, Country: Finland,  Blood: AB), Rhesus: NEG, Entered timestep: 0
2025-10-29 12:39:26,184 - 
TIMESTEP 10
****************************************
