2025-10-29 12:34:51,606 - Running matching with heuristic: greedy
2025-10-29 12:34:51,610 - 
TIMESTEP 1
****************************************
Donor D0 (City: Stockholm, Country: Sweden, Blood: O), Rhesus: NEG, Entered timestep: 1 
matched with Recipient R3 (City: Copenhagen, Country: Denmark,  Blood: O), Rhesus: POS, Entered timestep: 0
2025-10-29 12:34:51,612 - 
TIMESTEP 1
****************************************
Donor D0 (City: Stockholm, Country: Sweden, Blood: O), Rhesus: NEG, Entered timestep: 1 
matched with Recipient R5 (City: Helsinki, Country: Finland,  Blood: A), Rhesus: POS, Entered timestep: 0
2025-10-29 12:34:51,618 - 
TIMESTEP 1
****************************************
Donor D3 (City: Helsinki, Country: Finland, Blood: O), Rhesus: POS, Entered timestep: 1 
matched with Recipient R2 (City: Helsinki, Country: Finland,  Blood: O), Rhesus: NEG, Entered timestep: 0
2025-10-29 12:34:51,618 - 
TIMESTEP 1
****************************************
Donor D3 (City: Helsinki, Country: Finland, Blood: O), Rhesus: POS, Entered timestep: 1 
matched with Recipient R37 (City: Reykjavik, Country: Iceland,  Blood: A), Rhesus: POS, Entered timestep: 0
2025-10-29 12:34:51,645 - 
TIMESTEP 2
****************************************
Donor D8 (City: Gothenburg, Country: Sweden, Blood: B), Rhesus: POS, Entered timestep: 2 
matched with Recipient R16 (City: Copenhagen, Country: Denmark,  Blood: O), Rhesus: POS, Entered timestep: 0
2025-10-29 12:34:51,646 - 
TIMESTEP 2
****************************************
Donor D8 (City: Gothenburg, Country: Sweden, Blood: B), Rhesus: POS, Entered timestep: 2 
matched with Recipient R13 (City: Reykjavik, Country: Iceland,  Blood: A), Rhesus: NEG, Entered timestep: 0
2025-10-29 12:34:51,669 - 
TIMESTEP 2
****************************************
Donor D1 (City: Helsinki, Country: Finland, Blood: O), Rhesus: POS, Entered timestep: 2 
matched with Recipient R33 (City: Oslo, Country: Norway,  Blood: A), Rhesus: POS, Entered timestep: 0
2025-10-29 12:34:51,669 - 
TIMESTEP 2
****************************************
Donor D1 (City: Helsinki, Country: Finland, Blood: O), Rhesus: POS, Entered timestep: 2 
matched with Recipient R1 (City: Oslo, Country: Norway,  Blood: O), Rhesus: POS, Entered timestep: 0
2025-10-29 12:34:51,694 - 
TIMESTEP 3
****************************************
Donor D5 (City: Gothenburg, Country: Sweden, Blood: O), Rhesus: POS, Entered timestep: 3 
matched with Recipient R22 (City: Copenhagen, Country: Denmark,  Blood: O), Rhesus: POS, Entered timestep: 0
2025-10-29 12:34:51,695 - 
TIMESTEP 3
****************************************
Donor D5 (City: Gothenburg, Country: Sweden, Blood: O), Rhesus: POS, Entered timestep: 3 
matched with Recipient R34 (City: Uppsala, Country: Sweden,  Blood: A), Rhesus: POS, Entered timestep: 0
2025-10-29 12:34:51,700 - 
TIMESTEP 3
****************************************
Donor D2 (City: Tartu, Country: Estonia, Blood: O), Rhesus: NEG, Entered timestep: 3 
matched with Recipient R35 (City: Stockholm, Country: Sweden,  Blood: A), Rhesus: POS, Entered timestep: 0
2025-10-29 12:34:51,700 - 
TIMESTEP 3
****************************************
Donor D2 (City: Tartu, Country: Estonia, Blood: O), Rhesus: NEG, Entered timestep: 3 
matched with Recipient R32 (City: Stockholm, Country: Sweden,  Blood: O), Rhesus: POS, Entered timestep: 0
2025-10-29 12:34:51,729 - 
TIMESTEP 6
****************************************
Donor D7 (City: Oslo, Country: Norway, Blood: A), Rhesus: POS, Entered timestep: 6 
matched with Recipient R24 (City: Copenhagen, Country: Denmark,  Blood: O), Rhesus: NEG, Entered timestep: 0
2025-10-29 12:34:51,729 - 
TIMESTEP 6
****************************************
Donor D7 (City: Oslo, Country: Norway, Blood: A), Rhesus: POS, Entered timestep: 6 
matched with Recipient R20 (City: Helsinki, Country: Finland,  Blood: O), Rhesus: POS, Entered timestep: 0
2025-10-29 12:34:51,741 - 
TIMESTEP 7
****************************************
Donor D4 (City: Helsinki, Country: Finland, Blood: A), Rhesus: POS, Entered timestep: 7 
matched with Recipient R38 (City: Copenhagen, Country: Denmark,  Blood: A), Rhesus: NEG, Entered timestep: 0
2025-10-29 12:34:51,742 - 
TIMESTEP 7
****************************************
Donor D4 (City: Helsinki, Country: Finland, Blood: A), Rhesus: POS, Entered timestep: 7 
matched with Recipient R17 (City: Stockholm, Country: Sweden,  Blood: B), Rhesus: NEG, Entered timestep: 0
2025-10-29 12:34:51,745 - 
TIMESTEP 7
****************************************
Donor D9 (City: Helsinki, Country: Finland, Blood: A), Rhesus: POS, Entered timestep: 7 
matched with Recipient R9 (City: Stockholm, Country: Sweden,  Blood: O), Rhesus: POS, Entered timestep: 0
2025-10-29 12:34:51,746 - 
TIMESTEP 7
****************************************
Donor D9 (City: Helsinki, Country: Finland, Blood: A), Rhesus: POS, Entered timestep: 7 
matched with Recipient R8 (City: Stockholm, Country: Sweden,  Blood: A), Rhesus: POS, Entered timestep: 0
2025-10-29 12:34:51,771 - 
TIMESTEP 9
****************************************
Donor D6 (City: Helsinki, Country: Finland, Blood: B), Rhesus: POS, Entered timestep: 9 
matched with Recipient R29 (City: Skane, Country: Sweden,  Blood: AB), Rhesus: POS, Entered timestep: 0
2025-10-29 12:34:51,771 - 
TIMESTEP 9
****************************************
Donor D6 (City: Helsinki, Country: Finland, Blood: B), Rhesus: POS, Entered timestep: 9 
matched with Recipient R21 (City: Helsinki, Country: Finland,  Blood: AB), Rhesus: NEG, Entered timestep: 0
